// Jest Snapshot v1, https://goo.gl/fbAQLP

exports[`<Spinner /> snapshots default render 1`] = `
<div
  className="spinner-loading-wrapper"
>
  <div
    className="loader"
  >
    Loading...
  </div>
</div>
`;
