// Jest Snapshot v1, https://goo.gl/fbAQLP

exports[`<LoginForm /> snapshots default render 1`] = `
<div
  className="login-form"
>
  <form
    className="row"
    onSubmit={[Function]}
  >
    <div
      className="col-12"
    >
      <label
        htmlFor="user_id"
      >
        User id
        <input
          id="user_id"
          name="userId"
          onChange={[Function]}
          value=""
        />
      </label>
    </div>
    <div
      className="col-12"
    >
      <label
        htmlFor="password"
      >
        Password
        <input
          id="password"
          name="password"
          onChange={[Function]}
          type="password"
          value=""
        />
      </label>
    </div>
    <div
      className="col-12"
    >
      <button
        type="submit"
      >
        Sign in
      </button>
    </div>
  </form>
</div>
`;
