// Jest Snapshot v1, https://goo.gl/fbAQLP

exports[`Snapshot for withLayout snapshots render withLayout 1`] = `
<div>
  <div>
    Mocked Component
  </div>
</div>
`;
