// Jest Snapshot v1, https://goo.gl/fbAQLP

exports[`<App /> snapshots render App 1`] = `<Routes />`;
